// Jest Snapshot v1, https://goo.gl/fbAQLP

exports[`TimelineTracingMarkersOverview renders correctly 1`] = `
<div
  className="timelineTracingMarkersOverview selected"
>
  <canvas
    className="timelineTracingMarkersCanvas"
    onMouseDown={[Function]}
    onMouseMove={[Function]}
    onMouseOut={[Function]}
    onMouseUp={[Function]}
  />
</div>
`;

exports[`TimelineTracingMarkersOverview renders correctly 2`] = `
Array [
  Array [
    "clearRect",
    0,
    0,
    200,
    300,
  ],
  Array [
    "scale",
    1,
    1,
  ],
  Array [
    "createLinearGradient",
    0,
    0,
    200,
    0,
  ],
  Array [
    "addColorStop",
    0,
    "#000000",
  ],
  Array [
    "addColorStop",
    1,
    "#ffffff",
  ],
  Array [
    "set fillStyle",
    Object {
      "addColorStop": [MockFunction] {
        "calls": Array [
          Array [
            0,
            "#000000",
          ],
          Array [
            1,
            "#ffffff",
          ],
        ],
        "results": Array [
          Object {
            "isThrow": false,
            "value": undefined,
          },
          Object {
            "isThrow": false,
            "value": undefined,
          },
        ],
      },
    },
  ],
  Array [
    "fillRect",
    1,
    0,
    131.33333333333331,
    1,
  ],
  Array [
    "fillRect",
    0,
    1,
    133.33333333333331,
    4,
  ],
  Array [
    "fillRect",
    1,
    5,
    131.33333333333331,
    1,
  ],
  Array [
    "createLinearGradient",
    0,
    0,
    200,
    0,
  ],
  Array [
    "addColorStop",
    0,
    "#000000",
  ],
  Array [
    "addColorStop",
    1,
    "#ffffff",
  ],
  Array [
    "set fillStyle",
    Object {
      "addColorStop": [MockFunction] {
        "calls": Array [
          Array [
            0,
            "#000000",
          ],
          Array [
            1,
            "#ffffff",
          ],
        ],
        "results": Array [
          Object {
            "isThrow": false,
            "value": undefined,
          },
          Object {
            "isThrow": false,
            "value": undefined,
          },
        ],
      },
    },
  ],
  Array [
    "fillRect",
    1,
    0,
    131.33333333333331,
    1,
  ],
  Array [
    "fillRect",
    0,
    1,
    133.33333333333331,
    4,
  ],
  Array [
    "fillRect",
    1,
    5,
    131.33333333333331,
    1,
  ],
  Array [
    "createLinearGradient",
    0,
    0,
    200,
    0,
  ],
  Array [
    "addColorStop",
    0,
    "#000000",
  ],
  Array [
    "addColorStop",
    1,
    "#ffffff",
  ],
  Array [
    "set fillStyle",
    Object {
      "addColorStop": [MockFunction] {
        "calls": Array [
          Array [
            0,
            "#000000",
          ],
          Array [
            1,
            "#ffffff",
          ],
        ],
        "results": Array [
          Object {
            "isThrow": false,
            "value": undefined,
          },
          Object {
            "isThrow": false,
            "value": undefined,
          },
        ],
      },
    },
  ],
  Array [
    "fillRect",
    67.66666666666666,
    0,
    131.33333333333331,
    1,
  ],
  Array [
    "fillRect",
    66.66666666666666,
    1,
    133.33333333333331,
    4,
  ],
  Array [
    "fillRect",
    67.66666666666666,
    5,
    131.33333333333331,
    1,
  ],
  Array [
    "scale",
    1,
    1,
  ],
]
`;
